============================= test session starts =============================
platform win32 -- Python 3.14.3, pytest-9.0.2, pluggy-1.6.0 -- C:\Users\anton\AppData\Local\Programs\Python\Python314\python.exe
cachedir: .pytest_cache
rootdir: C:\Users\anton\ai-lab-test
plugins: anyio-4.12.1, requests-mock-1.12.1
collecting ... collected 5 items

tests/test_forensics/test_analyzer.py::test_escalation_logic PASSED      [ 20%]
tests/test_forensics/test_analyzer.py::test_intent_drift_triggered FAILED [ 40%]
tests/test_forensics/test_analyzer.py::test_injection_triggered PASSED   [ 60%]
tests/test_forensics/test_analyzer.py::test_llm_failure_handling PASSED  [ 80%]
tests/test_forensics/test_analyzer.py::test_anomaly_score_calculation FAILED [100%]

================================== FAILURES ===================================
_________________________ test_intent_drift_triggered _________________________

mock_chat = <MagicMock name='_ollama_chat' id='1838136425312'>

    @patch("guardian.forensics.analyzer._ollama_chat")
    def test_intent_drift_triggered(mock_chat):
        mock_chat.return_value = {
            "drifted": True,
            "confidence": "high",
            "reason": "Agent attempted to delete files when asked to list them."
        }
        session = create_mock_session([1, 3], initial_task="List files")
        report = analyze_session(session)
    
        assert report.intent_drift.triggered is True
        assert report.intent_drift.confidence == "high"
>       assert "drifted" in report.summary.lower()
E       AssertionError: assert 'drifted' in 'session shows anomalies: risk escalation, intent drift. total anomaly score is 80.'
E        +  where 'session shows anomalies: risk escalation, intent drift. total anomaly score is 80.' = <built-in method lower of str object at 0x000001ABF98F91B0>()
E        +    where <built-in method lower of str object at 0x000001ABF98F91B0> = 'Session shows anomalies: risk escalation, intent drift. Total anomaly score is 80.'.lower
E        +      where 'Session shows anomalies: risk escalation, intent drift. Total anomaly score is 80.' = BehaviorReport(session_id='test_id', anomaly_score=80, escalation=AnalysisFlag(triggered=True, confidence='high', reason='Risk escalated from 1 to 3 during session.'), intent_drift=AnalysisFlag(triggered=True, confidence='high', reason='Agent attempted to delete files when asked to list them.'), injection_signals=AnalysisFlag(triggered=False, confidence='none', reason=''), summary='Session shows anomalies: risk escalation, intent drift. Total anomaly score is 80.').summary

tests\test_forensics\test_analyzer.py:76: AssertionError
_______________________ test_anomaly_score_calculation ________________________

    def test_anomaly_score_calculation():
        # Mocking analyze_escalation, analyze_intent_drift, analyze_injection_signals
        # to test the score aggregation logic
        with patch("guardian.forensics.analyzer.analyze_escalation") as m1, \
             patch("guardian.forensics.analyzer.analyze_intent_drift") as m2, \
             patch("guardian.forensics.analyzer.analyze_injection_signals") as m3:
    
>            m1.return_value = AnalysisFlag(True, "high", "esc")    # +40
                               ^^^^^^^^^^^^
E            NameError: name 'AnalysisFlag' is not defined

tests\test_forensics\test_analyzer.py:120: NameError
=========================== short test summary info ===========================
FAILED tests/test_forensics/test_analyzer.py::test_intent_drift_triggered - A...
FAILED tests/test_forensics/test_analyzer.py::test_anomaly_score_calculation
======================== 2 failed, 3 passed in 14.07s =========================
